[     565ms] [VERBOSE] [DOM] Password forms should have (optionally hidden) username fields for accessibility: (More info: https://goo.gl/9p2vKq) %o @ https://ardyazizzz.github.io/ardyswipefiles/:0
[   19343ms] [VERBOSE] [DOM] Password forms should have (optionally hidden) username fields for accessibility: (More info: https://goo.gl/9p2vKq) %o @ https://ardyazizzz.github.io/ardyswipefiles/:0
[ 4386140ms] [ERROR] WebSocket connection to 'wss://dmhiitzunsdqyxopqsby.supabase.co/realtime/v1/websocket?apikey=sb_publishable_ia350OuBQjG4Dw5V623eJw_m9Ftgn9F&vsn=2.0.0' failed: Error in connection establishment: net::ERR_NAME_NOT_RESOLVED @ https://ardyazizzz.github.io/ardyswipefiles/supabase.js:6
[ 4388151ms] [ERROR] WebSocket connection to 'wss://dmhiitzunsdqyxopqsby.supabase.co/realtime/v1/websocket?apikey=sb_publishable_ia350OuBQjG4Dw5V623eJw_m9Ftgn9F&vsn=2.0.0' failed: Error in connection establishment: net::ERR_NAME_NOT_RESOLVED @ https://ardyazizzz.github.io/ardyswipefiles/supabase.js:6
[ 8112385ms] [ERROR] WebSocket connection to 'wss://dmhiitzunsdqyxopqsby.supabase.co/realtime/v1/websocket?apikey=sb_publishable_ia350OuBQjG4Dw5V623eJw_m9Ftgn9F&vsn=2.0.0' failed: Error in connection establishment: net::ERR_NAME_NOT_RESOLVED @ https://ardyazizzz.github.io/ardyswipefiles/supabase.js:6
[35016865ms] [ERROR] WebSocket connection to 'wss://dmhiitzunsdqyxopqsby.supabase.co/realtime/v1/websocket?apikey=sb_publishable_ia350OuBQjG4Dw5V623eJw_m9Ftgn9F&vsn=2.0.0' failed: Error in connection establishment: net::ERR_NAME_NOT_RESOLVED @ https://ardyazizzz.github.io/ardyswipefiles/supabase.js:6
[48095442ms] [ERROR] WebSocket connection to 'wss://dmhiitzunsdqyxopqsby.supabase.co/realtime/v1/websocket?apikey=sb_publishable_ia350OuBQjG4Dw5V623eJw_m9Ftgn9F&vsn=2.0.0' failed: Error in connection establishment: net::ERR_INTERNET_DISCONNECTED @ https://ardyazizzz.github.io/ardyswipefiles/supabase.js:6
[48109512ms] [ERROR] WebSocket connection to 'wss://dmhiitzunsdqyxopqsby.supabase.co/realtime/v1/websocket?apikey=sb_publishable_ia350OuBQjG4Dw5V623eJw_m9Ftgn9F&vsn=2.0.0' failed: Error in connection establishment: net::ERR_INTERNET_DISCONNECTED @ https://ardyazizzz.github.io/ardyswipefiles/supabase.js:6
[50794980ms] [ERROR] WebSocket connection to 'wss://dmhiitzunsdqyxopqsby.supabase.co/realtime/v1/websocket?apikey=sb_publishable_ia350OuBQjG4Dw5V623eJw_m9Ftgn9F&vsn=2.0.0' failed: Error in connection establishment: net::ERR_NAME_NOT_RESOLVED @ https://ardyazizzz.github.io/ardyswipefiles/supabase.js:6
[50797000ms] [ERROR] WebSocket connection to 'wss://dmhiitzunsdqyxopqsby.supabase.co/realtime/v1/websocket?apikey=sb_publishable_ia350OuBQjG4Dw5V623eJw_m9Ftgn9F&vsn=2.0.0' failed: Error in connection establishment: net::ERR_NAME_NOT_RESOLVED @ https://ardyazizzz.github.io/ardyswipefiles/supabase.js:6
[56090142ms] [ERROR] WebSocket connection to 'wss://dmhiitzunsdqyxopqsby.supabase.co/realtime/v1/websocket?apikey=sb_publishable_ia350OuBQjG4Dw5V623eJw_m9Ftgn9F&vsn=2.0.0' failed: Error in connection establishment: net::ERR_NAME_NOT_RESOLVED @ https://ardyazizzz.github.io/ardyswipefiles/supabase.js:6
[56104241ms] [ERROR] WebSocket connection to 'wss://dmhiitzunsdqyxopqsby.supabase.co/realtime/v1/websocket?apikey=sb_publishable_ia350OuBQjG4Dw5V623eJw_m9Ftgn9F&vsn=2.0.0' failed: Error in connection establishment: net::ERR_INTERNET_DISCONNECTED @ https://ardyazizzz.github.io/ardyswipefiles/supabase.js:6
[64188405ms] [ERROR] WebSocket connection to 'wss://dmhiitzunsdqyxopqsby.supabase.co/realtime/v1/websocket?apikey=sb_publishable_ia350OuBQjG4Dw5V623eJw_m9Ftgn9F&vsn=2.0.0' failed: Error in connection establishment: net::ERR_NAME_NOT_RESOLVED @ https://ardyazizzz.github.io/ardyswipefiles/supabase.js:6
[64190410ms] [ERROR] WebSocket connection to 'wss://dmhiitzunsdqyxopqsby.supabase.co/realtime/v1/websocket?apikey=sb_publishable_ia350OuBQjG4Dw5V623eJw_m9Ftgn9F&vsn=2.0.0' failed: Error in connection establishment: net::ERR_NAME_NOT_RESOLVED @ https://ardyazizzz.github.io/ardyswipefiles/supabase.js:6
[66304767ms] [ERROR] WebSocket connection to 'wss://dmhiitzunsdqyxopqsby.supabase.co/realtime/v1/websocket?apikey=sb_publishable_ia350OuBQjG4Dw5V623eJw_m9Ftgn9F&vsn=2.0.0' failed: Error in connection establishment: net::ERR_NAME_NOT_RESOLVED @ https://ardyazizzz.github.io/ardyswipefiles/supabase.js:6
[66318849ms] [ERROR] WebSocket connection to 'wss://dmhiitzunsdqyxopqsby.supabase.co/realtime/v1/websocket?apikey=sb_publishable_ia350OuBQjG4Dw5V623eJw_m9Ftgn9F&vsn=2.0.0' failed: Error in connection establishment: net::ERR_INTERNET_DISCONNECTED @ https://ardyazizzz.github.io/ardyswipefiles/supabase.js:6
[66367000ms] [ERROR] WebSocket connection to 'wss://dmhiitzunsdqyxopqsby.supabase.co/realtime/v1/websocket?apikey=sb_publishable_ia350OuBQjG4Dw5V623eJw_m9Ftgn9F&vsn=2.0.0' failed: Error in connection establishment: net::ERR_INTERNET_DISCONNECTED @ https://ardyazizzz.github.io/ardyswipefiles/supabase.js:6
[66369011ms] [ERROR] WebSocket connection to 'wss://dmhiitzunsdqyxopqsby.supabase.co/realtime/v1/websocket?apikey=sb_publishable_ia350OuBQjG4Dw5V623eJw_m9Ftgn9F&vsn=2.0.0' failed: Error in connection establishment: net::ERR_INTERNET_DISCONNECTED @ https://ardyazizzz.github.io/ardyswipefiles/supabase.js:6
[67079394ms] [ERROR] WebSocket connection to 'wss://dmhiitzunsdqyxopqsby.supabase.co/realtime/v1/websocket?apikey=sb_publishable_ia350OuBQjG4Dw5V623eJw_m9Ftgn9F&vsn=2.0.0' failed: Error in connection establishment: net::ERR_INTERNET_DISCONNECTED @ https://ardyazizzz.github.io/ardyswipefiles/supabase.js:6
[67089409ms] [ERROR] WebSocket connection to 'wss://dmhiitzunsdqyxopqsby.supabase.co/realtime/v1/websocket?apikey=sb_publishable_ia350OuBQjG4Dw5V623eJw_m9Ftgn9F&vsn=2.0.0' failed: Error in connection establishment: net::ERR_INTERNET_DISCONNECTED @ https://ardyazizzz.github.io/ardyswipefiles/supabase.js:6
[67099424ms] [ERROR] WebSocket connection to 'wss://dmhiitzunsdqyxopqsby.supabase.co/realtime/v1/websocket?apikey=sb_publishable_ia350OuBQjG4Dw5V623eJw_m9Ftgn9F&vsn=2.0.0' failed: Error in connection establishment: net::ERR_INTERNET_DISCONNECTED @ https://ardyazizzz.github.io/ardyswipefiles/supabase.js:6
[67109435ms] [ERROR] WebSocket connection to 'wss://dmhiitzunsdqyxopqsby.supabase.co/realtime/v1/websocket?apikey=sb_publishable_ia350OuBQjG4Dw5V623eJw_m9Ftgn9F&vsn=2.0.0' failed: Error in connection establishment: net::ERR_INTERNET_DISCONNECTED @ https://ardyazizzz.github.io/ardyswipefiles/supabase.js:6
[67146165ms] [ERROR] WebSocket connection to 'wss://dmhiitzunsdqyxopqsby.supabase.co/realtime/v1/websocket?apikey=sb_publishable_ia350OuBQjG4Dw5V623eJw_m9Ftgn9F&vsn=2.0.0' failed: Error in connection establishment: net::ERR_INTERNET_DISCONNECTED @ https://ardyazizzz.github.io/ardyswipefiles/supabase.js:6
[67148177ms] [ERROR] WebSocket connection to 'wss://dmhiitzunsdqyxopqsby.supabase.co/realtime/v1/websocket?apikey=sb_publishable_ia350OuBQjG4Dw5V623eJw_m9Ftgn9F&vsn=2.0.0' failed: Error in connection establishment: net::ERR_INTERNET_DISCONNECTED @ https://ardyazizzz.github.io/ardyswipefiles/supabase.js:6
[67153191ms] [ERROR] WebSocket connection to 'wss://dmhiitzunsdqyxopqsby.supabase.co/realtime/v1/websocket?apikey=sb_publishable_ia350OuBQjG4Dw5V623eJw_m9Ftgn9F&vsn=2.0.0' failed: Error in connection establishment: net::ERR_INTERNET_DISCONNECTED @ https://ardyazizzz.github.io/ardyswipefiles/supabase.js:6
[67163205ms] [ERROR] WebSocket connection to 'wss://dmhiitzunsdqyxopqsby.supabase.co/realtime/v1/websocket?apikey=sb_publishable_ia350OuBQjG4Dw5V623eJw_m9Ftgn9F&vsn=2.0.0' failed: Error in connection establishment: net::ERR_INTERNET_DISCONNECTED @ https://ardyazizzz.github.io/ardyswipefiles/supabase.js:6
[67173220ms] [ERROR] WebSocket connection to 'wss://dmhiitzunsdqyxopqsby.supabase.co/realtime/v1/websocket?apikey=sb_publishable_ia350OuBQjG4Dw5V623eJw_m9Ftgn9F&vsn=2.0.0' failed: Error in connection establishment: net::ERR_INTERNET_DISCONNECTED @ https://ardyazizzz.github.io/ardyswipefiles/supabase.js:6
[71359014ms] [ERROR] WebSocket connection to 'wss://dmhiitzunsdqyxopqsby.supabase.co/realtime/v1/websocket?apikey=sb_publishable_ia350OuBQjG4Dw5V623eJw_m9Ftgn9F&vsn=2.0.0' failed: Error in connection establishment: net::ERR_ADDRESS_UNREACHABLE @ https://ardyazizzz.github.io/ardyswipefiles/supabase.js:6
[71361024ms] [ERROR] WebSocket connection to 'wss://dmhiitzunsdqyxopqsby.supabase.co/realtime/v1/websocket?apikey=sb_publishable_ia350OuBQjG4Dw5V623eJw_m9Ftgn9F&vsn=2.0.0' failed: Error in connection establishment: net::ERR_ADDRESS_UNREACHABLE @ https://ardyazizzz.github.io/ardyswipefiles/supabase.js:6
[71366032ms] [ERROR] WebSocket connection to 'wss://dmhiitzunsdqyxopqsby.supabase.co/realtime/v1/websocket?apikey=sb_publishable_ia350OuBQjG4Dw5V623eJw_m9Ftgn9F&vsn=2.0.0' failed: Error in connection establishment: net::ERR_ADDRESS_UNREACHABLE @ https://ardyazizzz.github.io/ardyswipefiles/supabase.js:6
