[    1411ms] [WARNING] Element with id: isMergeSignInSignUpV2Enabled not found @ https://static.licdn.com/aero-v1/sc/h/deetbbmf7x9v1b972xz1nzse0:1
[    1411ms] [WARNING] Element with id: mergeSignInSignUpLixValue not found @ https://static.licdn.com/aero-v1/sc/h/deetbbmf7x9v1b972xz1nzse0:1
[    1627ms] [WARNING] [GSI_LOGGER]: Your client application may not display the Google One Tap in its default position. When FedCM becomes mandatory, One Tap only displays in the default position. Refer to the migration guide to update your code accordingly and opt-in to FedCM to test your changes. Learn more: https://developers.google.com/identity/gsi/web/guides/fedcm-migration?s=dc#layout @ https://static.licdn.com/aero-v1/sc/h/29rdkxlvag0d3cpj96fiilbju:168
[    1627ms] [WARNING] [GSI_LOGGER]: Your client application uses one of the Google One Tap prompt UI status methods that may stop functioning when FedCM becomes mandatory. Refer to the migration guide to update your code accordingly and opt-in to FedCM to test your changes. Learn more: https://developers.google.com/identity/gsi/web/guides/fedcm-migration?s=dc#display_moment and https://developers.google.com/identity/gsi/web/guides/fedcm-migration?s=dc#skipped_moment @ https://static.licdn.com/aero-v1/sc/h/29rdkxlvag0d3cpj96fiilbju:168
[    1629ms] [WARNING] [GSI_LOGGER]: Currently, you disable FedCM on Google One Tap. FedCM for One Tap will become mandatory starting Oct 2024, and you won’t be able to disable it. Refer to the migration guide to update your code accordingly to ensure users will not be blocked from logging in. Learn more: https://developers.google.com/identity/gsi/web/guides/fedcm-migration @ https://static.licdn.com/aero-v1/sc/h/29rdkxlvag0d3cpj96fiilbju:168
[    6106ms] [WARNING] e is an AccessibleComponent but is missing a11y options. @ https://static.licdn.com/sc/h/emb0x0hj8myfo9l9ph4p2ndt:33
[    6108ms] [WARNING] e is an AccessibleComponent but is missing a11y options. @ https://static.licdn.com/sc/h/emb0x0hj8myfo9l9ph4p2ndt:33
[   48415ms] [LOG] Manifest perResolutions: [1035x1293, 645x806, 135x168, 1546x1931, 390x487] @ :6
[   48415ms] [LOG] PDF URL: YES @ :7
[   48416ms] [LOG] Using resolution: 1546x1931 @ :11
[   48584ms] [LOG] Pages: 11 @ :14
[   48584ms] [LOG] Page 1: https://media.licdn.com/dms/image/v2/D4E1FAQH2JC6XawYL_g/feedshare-document-images_1920/B4EZwDtuasJg @ :15
[   48584ms] [LOG] Page 2: https://media.licdn.com/dms/image/v2/D4E1FAQH2JC6XawYL_g/feedshare-document-images_1920/B4EZwDtuasJg @ :15
[   48584ms] [LOG] Page 3: https://media.licdn.com/dms/image/v2/D4E1FAQH2JC6XawYL_g/feedshare-document-images_1920/B4EZwDtuasJg @ :15
[   48584ms] [LOG] Page 4: https://media.licdn.com/dms/image/v2/D4E1FAQH2JC6XawYL_g/feedshare-document-images_1920/B4EZwDtuasJg @ :15
[   48584ms] [LOG] Page 5: https://media.licdn.com/dms/image/v2/D4E1FAQH2JC6XawYL_g/feedshare-document-images_1920/B4EZwDtuasJg @ :15
[   48584ms] [LOG] Page 6: https://media.licdn.com/dms/image/v2/D4E1FAQH2JC6XawYL_g/feedshare-document-images_1920/B4EZwDtuasJg @ :15
[   48584ms] [LOG] Page 7: https://media.licdn.com/dms/image/v2/D4E1FAQH2JC6XawYL_g/feedshare-document-images_1920/B4EZwDtuasJg @ :15
[   48584ms] [LOG] Page 8: https://media.licdn.com/dms/image/v2/D4E1FAQH2JC6XawYL_g/feedshare-document-images_1920/B4EZwDtuasJg @ :15
[   48584ms] [LOG] Page 9: https://media.licdn.com/dms/image/v2/D4E1FAQH2JC6XawYL_g/feedshare-document-images_1920/B4EZwDtuasJg @ :15
[   48584ms] [LOG] Page 10: https://media.licdn.com/dms/image/v2/D4E1FAQH2JC6XawYL_g/feedshare-document-images_1920/B4EZwDtuasJg @ :15
[   48584ms] [LOG] Page 11: https://media.licdn.com/dms/image/v2/D4E1FAQH2JC6XawYL_g/feedshare-document-images_1920/B4EZwDtuasJg @ :15
