[    1382ms] [WARNING] Element with id: isMergeSignInSignUpV2Enabled not found @ https://static.licdn.com/aero-v1/sc/h/deetbbmf7x9v1b972xz1nzse0:1
[    1382ms] [WARNING] Element with id: mergeSignInSignUpLixValue not found @ https://static.licdn.com/aero-v1/sc/h/deetbbmf7x9v1b972xz1nzse0:1
[    1569ms] [WARNING] [GSI_LOGGER]: Your client application may not display the Google One Tap in its default position. When FedCM becomes mandatory, One Tap only displays in the default position. Refer to the migration guide to update your code accordingly and opt-in to FedCM to test your changes. Learn more: https://developers.google.com/identity/gsi/web/guides/fedcm-migration?s=dc#layout @ https://static.licdn.com/aero-v1/sc/h/29rdkxlvag0d3cpj96fiilbju:168
[    1569ms] [WARNING] [GSI_LOGGER]: Your client application uses one of the Google One Tap prompt UI status methods that may stop functioning when FedCM becomes mandatory. Refer to the migration guide to update your code accordingly and opt-in to FedCM to test your changes. Learn more: https://developers.google.com/identity/gsi/web/guides/fedcm-migration?s=dc#display_moment and https://developers.google.com/identity/gsi/web/guides/fedcm-migration?s=dc#skipped_moment @ https://static.licdn.com/aero-v1/sc/h/29rdkxlvag0d3cpj96fiilbju:168
[    1570ms] [WARNING] [GSI_LOGGER]: Currently, you disable FedCM on Google One Tap. FedCM for One Tap will become mandatory starting Oct 2024, and you won’t be able to disable it. Refer to the migration guide to update your code accordingly to ensure users will not be blocked from logging in. Learn more: https://developers.google.com/identity/gsi/web/guides/fedcm-migration @ https://static.licdn.com/aero-v1/sc/h/29rdkxlvag0d3cpj96fiilbju:168
[  773780ms] [ERROR] Failed to load resource: the server responded with a status of 520 () @ https://www.linkedin.com/li/track:0
[  779786ms] [ERROR] Failed to load resource: the server responded with a status of 520 () @ https://www.linkedin.com/li/track:0
[ 1091113ms] [WARNING] e is an AccessibleComponent but is missing a11y options. @ https://static.licdn.com/sc/h/emb0x0hj8myfo9l9ph4p2ndt:33
[ 1091114ms] [WARNING] e is an AccessibleComponent but is missing a11y options. @ https://static.licdn.com/sc/h/emb0x0hj8myfo9l9ph4p2ndt:33
[ 1094619ms] [ERROR] Failed to load resource: the server responded with a status of 400 () @ https://www.linkedin.com/feedcontent-guest/api/ingraphs/counter?csrfToken=ajax%3A6593927104857783214:0
[ 1094668ms] [WARNING] <link rel=preload> must have a valid `as` value @ https://www.linkedin.com/login?session_redirect=https%3A%2F%2Fwww%2Elinkedin%2Ecom%2Fposts%2Froelof-otten_impressions-are-down-activity-7422193713642127360-yqsg&fromSignIn=true&trk=public_post_nav-header-signin:99
[ 1094668ms] [WARNING] <link rel=preload> must have a valid `as` value @ https://www.linkedin.com/login?session_redirect=https%3A%2F%2Fwww%2Elinkedin%2Ecom%2Fposts%2Froelof-otten_impressions-are-down-activity-7422193713642127360-yqsg&fromSignIn=true&trk=public_post_nav-header-signin:100
[ 1094668ms] [WARNING] <link rel=preload> must have a valid `as` value @ https://www.linkedin.com/login?session_redirect=https%3A%2F%2Fwww%2Elinkedin%2Ecom%2Fposts%2Froelof-otten_impressions-are-down-activity-7422193713642127360-yqsg&fromSignIn=true&trk=public_post_nav-header-signin:101
[ 1094668ms] [WARNING] <link rel=preload> must have a valid `as` value @ https://www.linkedin.com/login?session_redirect=https%3A%2F%2Fwww%2Elinkedin%2Ecom%2Fposts%2Froelof-otten_impressions-are-down-activity-7422193713642127360-yqsg&fromSignIn=true&trk=public_post_nav-header-signin:102
[ 1094668ms] [WARNING] <link rel=preload> must have a valid `as` value @ https://www.linkedin.com/login?session_redirect=https%3A%2F%2Fwww%2Elinkedin%2Ecom%2Fposts%2Froelof-otten_impressions-are-down-activity-7422193713642127360-yqsg&fromSignIn=true&trk=public_post_nav-header-signin:105
[ 1094668ms] [WARNING] <link rel=preload> must have a valid `as` value @ https://www.linkedin.com/login?session_redirect=https%3A%2F%2Fwww%2Elinkedin%2Ecom%2Fposts%2Froelof-otten_impressions-are-down-activity-7422193713642127360-yqsg&fromSignIn=true&trk=public_post_nav-header-signin:106
[ 1095680ms] [WARNING] [GSI_LOGGER]: Your client application may not display the Google One Tap in its default position. When FedCM becomes mandatory, One Tap only displays in the default position. Refer to the migration guide to update your code accordingly and opt-in to FedCM to test your changes. Learn more: https://developers.google.com/identity/gsi/web/guides/fedcm-migration?s=dc#layout @ https://static.licdn.com/sc/h/aofke6z5sqc44bjlvj6yr05c8:168
[ 1095680ms] [WARNING] [GSI_LOGGER]: Your client application uses one of the Google One Tap prompt UI status methods that may stop functioning when FedCM becomes mandatory. Refer to the migration guide to update your code accordingly and opt-in to FedCM to test your changes. Learn more: https://developers.google.com/identity/gsi/web/guides/fedcm-migration?s=dc#display_moment and https://developers.google.com/identity/gsi/web/guides/fedcm-migration?s=dc#skipped_moment @ https://static.licdn.com/sc/h/aofke6z5sqc44bjlvj6yr05c8:168
[ 1095681ms] [WARNING] [GSI_LOGGER]: Currently, you disable FedCM on Google One Tap. FedCM for One Tap will become mandatory starting Oct 2024, and you won’t be able to disable it. Refer to the migration guide to update your code accordingly to ensure users will not be blocked from logging in. Learn more: https://developers.google.com/identity/gsi/web/guides/fedcm-migration @ https://static.licdn.com/sc/h/aofke6z5sqc44bjlvj6yr05c8:168
[ 1514460ms] [WARNING] Element with id: isMergeSignInSignUpV2Enabled not found @ https://static.licdn.com/aero-v1/sc/h/deetbbmf7x9v1b972xz1nzse0:1
[ 1514460ms] [WARNING] Element with id: mergeSignInSignUpLixValue not found @ https://static.licdn.com/aero-v1/sc/h/deetbbmf7x9v1b972xz1nzse0:1
[ 1514561ms] [WARNING] [GSI_LOGGER]: Your client application may not display the Google One Tap in its default position. When FedCM becomes mandatory, One Tap only displays in the default position. Refer to the migration guide to update your code accordingly and opt-in to FedCM to test your changes. Learn more: https://developers.google.com/identity/gsi/web/guides/fedcm-migration?s=dc#layout @ https://static.licdn.com/aero-v1/sc/h/29rdkxlvag0d3cpj96fiilbju:168
[ 1514561ms] [WARNING] [GSI_LOGGER]: Your client application uses one of the Google One Tap prompt UI status methods that may stop functioning when FedCM becomes mandatory. Refer to the migration guide to update your code accordingly and opt-in to FedCM to test your changes. Learn more: https://developers.google.com/identity/gsi/web/guides/fedcm-migration?s=dc#display_moment and https://developers.google.com/identity/gsi/web/guides/fedcm-migration?s=dc#skipped_moment @ https://static.licdn.com/aero-v1/sc/h/29rdkxlvag0d3cpj96fiilbju:168
[ 1514562ms] [WARNING] [GSI_LOGGER]: Currently, you disable FedCM on Google One Tap. FedCM for One Tap will become mandatory starting Oct 2024, and you won’t be able to disable it. Refer to the migration guide to update your code accordingly to ensure users will not be blocked from logging in. Learn more: https://developers.google.com/identity/gsi/web/guides/fedcm-migration @ https://static.licdn.com/aero-v1/sc/h/29rdkxlvag0d3cpj96fiilbju:168
[ 1515681ms] [ERROR] Cross-Origin-Opener-Policy policy would block the window.closed call. @ https://static.licdn.com/aero-v1/sc/h/29rdkxlvag0d3cpj96fiilbju:233
[ 1515681ms] [ERROR] Cross-Origin-Opener-Policy policy would block the window.closed call. @ https://static.licdn.com/aero-v1/sc/h/29rdkxlvag0d3cpj96fiilbju:233
[ 1712598ms] [ERROR] Cross-Origin-Opener-Policy policy would block the window.closed call. @ https://static.licdn.com/aero-v1/sc/h/29rdkxlvag0d3cpj96fiilbju:233
[ 1712598ms] [ERROR] Cross-Origin-Opener-Policy policy would block the window.closed call. @ https://static.licdn.com/aero-v1/sc/h/29rdkxlvag0d3cpj96fiilbju:233
[ 1712902ms] [ERROR] Cross-Origin-Opener-Policy policy would block the window.postMessage call. @ https://static.licdn.com/aero-v1/sc/h/29rdkxlvag0d3cpj96fiilbju:337
[ 1712902ms] [ERROR] Cross-Origin-Opener-Policy policy would block the window.postMessage call. @ https://static.licdn.com/aero-v1/sc/h/29rdkxlvag0d3cpj96fiilbju:337
[ 1716957ms] [WARNING] <link rel=preload> must have a valid `as` value @ https://www.linkedin.com/uas/login-submit:64
[ 1716957ms] [WARNING] <link rel=preload> must have a valid `as` value @ https://www.linkedin.com/uas/login-submit:65
[ 1716957ms] [WARNING] <link rel=preload> must have a valid `as` value @ https://www.linkedin.com/uas/login-submit:66
[ 1716957ms] [WARNING] <link rel=preload> must have a valid `as` value @ https://www.linkedin.com/uas/login-submit:67
[ 1716957ms] [WARNING] <link rel=preload> must have a valid `as` value @ https://www.linkedin.com/uas/login-submit:70
[ 1716957ms] [WARNING] <link rel=preload> must have a valid `as` value @ https://www.linkedin.com/uas/login-submit:71
[ 1717475ms] [WARNING] Element with id: dust-var-shouldSignInOnDuplicateAccount not found @ https://static.licdn.com/sc/h/bb5zdxjp1sxjkz2ez2meigwdv:9
[ 1717475ms] [WARNING] Element with id: dust-var-signInOnDuplicateAccountUrl not found @ https://static.licdn.com/sc/h/bb5zdxjp1sxjkz2ez2meigwdv:9
[ 1717475ms] [WARNING] Element with id: dust-var-isSmartLockEnabled not found @ https://static.licdn.com/sc/h/bb5zdxjp1sxjkz2ez2meigwdv:9
[ 1717475ms] [WARNING] Element with id: dust-var-joinBtnProvider not found @ https://static.licdn.com/sc/h/bb5zdxjp1sxjkz2ez2meigwdv:9
[ 1717475ms] [WARNING] Element with id: dust-var-hasMultipleSocialJoin not found @ https://static.licdn.com/sc/h/bb5zdxjp1sxjkz2ez2meigwdv:9
[ 1717475ms] [WARNING] Element with id: dust-var-useGoogleGSI not found @ https://static.licdn.com/sc/h/bb5zdxjp1sxjkz2ez2meigwdv:9
[ 1717475ms] [WARNING] Profile card element not found @ https://static.licdn.com/sc/h/bb5zdxjp1sxjkz2ez2meigwdv:11
[ 1717475ms] [WARNING] Element with id: dust-var-shouldShowKoreaConsent not found @ https://static.licdn.com/sc/h/bb5zdxjp1sxjkz2ez2meigwdv:9
[ 1717475ms] [WARNING] Element with id: dust-var-isTimeStoneIntegrationEnabled not found @ https://static.licdn.com/sc/h/bb5zdxjp1sxjkz2ez2meigwdv:9
[ 1717919ms] [WARNING] WARNING: Too many active WebGL contexts. Oldest context will be lost. @ https://static.licdn.com/sc/h/4j4tc3ht8rv66ud8e6rntol9i:0
[ 1717927ms] [WARNING] WARNING: Too many active WebGL contexts. Oldest context will be lost. @ https://static.licdn.com/sc/h/4j4tc3ht8rv66ud8e6rntol9i:0
[ 1717963ms] [WARNING] [GSI_LOGGER]: Your client application may not display the Google One Tap in its default position. When FedCM becomes mandatory, One Tap only displays in the default position. Refer to the migration guide to update your code accordingly and opt-in to FedCM to test your changes. Learn more: https://developers.google.com/identity/gsi/web/guides/fedcm-migration?s=dc#layout @ https://static.licdn.com/sc/h/aofke6z5sqc44bjlvj6yr05c8:168
[ 1717963ms] [WARNING] [GSI_LOGGER]: Your client application uses one of the Google One Tap prompt UI status methods that may stop functioning when FedCM becomes mandatory. Refer to the migration guide to update your code accordingly and opt-in to FedCM to test your changes. Learn more: https://developers.google.com/identity/gsi/web/guides/fedcm-migration?s=dc#display_moment and https://developers.google.com/identity/gsi/web/guides/fedcm-migration?s=dc#skipped_moment @ https://static.licdn.com/sc/h/aofke6z5sqc44bjlvj6yr05c8:168
[ 1717964ms] [WARNING] [GSI_LOGGER]: Currently, you disable FedCM on Google One Tap. FedCM for One Tap will become mandatory starting Oct 2024, and you won’t be able to disable it. Refer to the migration guide to update your code accordingly to ensure users will not be blocked from logging in. Learn more: https://developers.google.com/identity/gsi/web/guides/fedcm-migration @ https://static.licdn.com/sc/h/aofke6z5sqc44bjlvj6yr05c8:168
[ 1717991ms] [WARNING] WARNING: Too many active WebGL contexts. Oldest context will be lost. @ https://static.licdn.com/sc/h/e9u7iwszqjcegn9n3prukio4x:0
[ 1717995ms] [WARNING] WARNING: Too many active WebGL contexts. Oldest context will be lost. @ https://static.licdn.com/sc/h/e9u7iwszqjcegn9n3prukio4x:0
[ 1718003ms] [WARNING] WARNING: Too many active WebGL contexts. Oldest context will be lost. @ https://static.licdn.com/sc/h/e9u7iwszqjcegn9n3prukio4x:0
[ 1718327ms] [ERROR] Failed to load resource: the server responded with a status of 400 () @ https://www.linkedin.com/li/track:0
[ 1718327ms] [ERROR] XMLHttpRequest @ https://static.licdn.com/sc/h/e9u7iwszqjcegn9n3prukio4x:9
[ 1725900ms] [WARNING] Element with id: isMergeSignInSignUpV2Enabled not found @ https://static.licdn.com/aero-v1/sc/h/deetbbmf7x9v1b972xz1nzse0:1
[ 1725900ms] [WARNING] Element with id: mergeSignInSignUpLixValue not found @ https://static.licdn.com/aero-v1/sc/h/deetbbmf7x9v1b972xz1nzse0:1
[ 1725988ms] [WARNING] [GSI_LOGGER]: Your client application may not display the Google One Tap in its default position. When FedCM becomes mandatory, One Tap only displays in the default position. Refer to the migration guide to update your code accordingly and opt-in to FedCM to test your changes. Learn more: https://developers.google.com/identity/gsi/web/guides/fedcm-migration?s=dc#layout @ https://static.licdn.com/aero-v1/sc/h/29rdkxlvag0d3cpj96fiilbju:168
[ 1725988ms] [WARNING] [GSI_LOGGER]: Your client application uses one of the Google One Tap prompt UI status methods that may stop functioning when FedCM becomes mandatory. Refer to the migration guide to update your code accordingly and opt-in to FedCM to test your changes. Learn more: https://developers.google.com/identity/gsi/web/guides/fedcm-migration?s=dc#display_moment and https://developers.google.com/identity/gsi/web/guides/fedcm-migration?s=dc#skipped_moment @ https://static.licdn.com/aero-v1/sc/h/29rdkxlvag0d3cpj96fiilbju:168
[ 1725990ms] [WARNING] [GSI_LOGGER]: Currently, you disable FedCM on Google One Tap. FedCM for One Tap will become mandatory starting Oct 2024, and you won’t be able to disable it. Refer to the migration guide to update your code accordingly to ensure users will not be blocked from logging in. Learn more: https://developers.google.com/identity/gsi/web/guides/fedcm-migration @ https://static.licdn.com/aero-v1/sc/h/29rdkxlvag0d3cpj96fiilbju:168
[ 1730106ms] [WARNING] <link rel=preload> must have a valid `as` value @ https://www.linkedin.com/uas/login-submit:64
[ 1730106ms] [WARNING] <link rel=preload> must have a valid `as` value @ https://www.linkedin.com/uas/login-submit:65
[ 1730106ms] [WARNING] <link rel=preload> must have a valid `as` value @ https://www.linkedin.com/uas/login-submit:66
[ 1730106ms] [WARNING] <link rel=preload> must have a valid `as` value @ https://www.linkedin.com/uas/login-submit:67
[ 1730106ms] [WARNING] <link rel=preload> must have a valid `as` value @ https://www.linkedin.com/uas/login-submit:70
[ 1730106ms] [WARNING] <link rel=preload> must have a valid `as` value @ https://www.linkedin.com/uas/login-submit:71
[ 1730121ms] [WARNING] Element with id: dust-var-shouldSignInOnDuplicateAccount not found @ https://static.licdn.com/sc/h/bb5zdxjp1sxjkz2ez2meigwdv:9
[ 1730121ms] [WARNING] Element with id: dust-var-signInOnDuplicateAccountUrl not found @ https://static.licdn.com/sc/h/bb5zdxjp1sxjkz2ez2meigwdv:9
[ 1730121ms] [WARNING] Element with id: dust-var-isSmartLockEnabled not found @ https://static.licdn.com/sc/h/bb5zdxjp1sxjkz2ez2meigwdv:9
[ 1730121ms] [WARNING] Element with id: dust-var-joinBtnProvider not found @ https://static.licdn.com/sc/h/bb5zdxjp1sxjkz2ez2meigwdv:9
[ 1730121ms] [WARNING] Element with id: dust-var-hasMultipleSocialJoin not found @ https://static.licdn.com/sc/h/bb5zdxjp1sxjkz2ez2meigwdv:9
[ 1730121ms] [WARNING] Element with id: dust-var-useGoogleGSI not found @ https://static.licdn.com/sc/h/bb5zdxjp1sxjkz2ez2meigwdv:9
[ 1730121ms] [WARNING] Profile card element not found @ https://static.licdn.com/sc/h/bb5zdxjp1sxjkz2ez2meigwdv:11
[ 1730121ms] [WARNING] Element with id: dust-var-shouldShowKoreaConsent not found @ https://static.licdn.com/sc/h/bb5zdxjp1sxjkz2ez2meigwdv:9
[ 1730121ms] [WARNING] Element with id: dust-var-isTimeStoneIntegrationEnabled not found @ https://static.licdn.com/sc/h/bb5zdxjp1sxjkz2ez2meigwdv:9
[ 1730366ms] [WARNING] WARNING: Too many active WebGL contexts. Oldest context will be lost. @ https://static.licdn.com/sc/h/4j4tc3ht8rv66ud8e6rntol9i:0
[ 1730375ms] [WARNING] WARNING: Too many active WebGL contexts. Oldest context will be lost. @ https://static.licdn.com/sc/h/4j4tc3ht8rv66ud8e6rntol9i:0
[ 1730398ms] [WARNING] [GSI_LOGGER]: Your client application may not display the Google One Tap in its default position. When FedCM becomes mandatory, One Tap only displays in the default position. Refer to the migration guide to update your code accordingly and opt-in to FedCM to test your changes. Learn more: https://developers.google.com/identity/gsi/web/guides/fedcm-migration?s=dc#layout @ https://static.licdn.com/sc/h/aofke6z5sqc44bjlvj6yr05c8:168
[ 1730398ms] [WARNING] [GSI_LOGGER]: Your client application uses one of the Google One Tap prompt UI status methods that may stop functioning when FedCM becomes mandatory. Refer to the migration guide to update your code accordingly and opt-in to FedCM to test your changes. Learn more: https://developers.google.com/identity/gsi/web/guides/fedcm-migration?s=dc#display_moment and https://developers.google.com/identity/gsi/web/guides/fedcm-migration?s=dc#skipped_moment @ https://static.licdn.com/sc/h/aofke6z5sqc44bjlvj6yr05c8:168
[ 1730398ms] [WARNING] [GSI_LOGGER]: Currently, you disable FedCM on Google One Tap. FedCM for One Tap will become mandatory starting Oct 2024, and you won’t be able to disable it. Refer to the migration guide to update your code accordingly to ensure users will not be blocked from logging in. Learn more: https://developers.google.com/identity/gsi/web/guides/fedcm-migration @ https://static.licdn.com/sc/h/aofke6z5sqc44bjlvj6yr05c8:168
[ 1730446ms] [WARNING] WARNING: Too many active WebGL contexts. Oldest context will be lost. @ https://static.licdn.com/sc/h/e9u7iwszqjcegn9n3prukio4x:0
[ 1730451ms] [WARNING] WARNING: Too many active WebGL contexts. Oldest context will be lost. @ https://static.licdn.com/sc/h/e9u7iwszqjcegn9n3prukio4x:0
[ 1730460ms] [WARNING] WARNING: Too many active WebGL contexts. Oldest context will be lost. @ https://static.licdn.com/sc/h/e9u7iwszqjcegn9n3prukio4x:0
[ 1730803ms] [ERROR] Failed to load resource: the server responded with a status of 400 () @ https://www.linkedin.com/li/track:0
[ 1730803ms] [ERROR] XMLHttpRequest @ https://static.licdn.com/sc/h/e9u7iwszqjcegn9n3prukio4x:9
[ 1755587ms] [WARNING] Element with id: dust-var-invitationId not found @ https://static.licdn.com/sc/h/bb5zdxjp1sxjkz2ez2meigwdv:9
[ 1755587ms] [WARNING] Element with id: dust-var-sharedKey not found @ https://static.licdn.com/sc/h/bb5zdxjp1sxjkz2ez2meigwdv:9
[ 1756031ms] [ERROR] Failed to load resource: the server responded with a status of 400 () @ https://www.linkedin.com/signup/api/cors/createAccount?trk=coreg_joinWithGoogle-checkpoint_join-public_post_google-one-tap-submit&csrfToken=f97264f3-c23f-4a8e-81f5-fc403f95b95f:0
[ 1759212ms] [ERROR] Failed to load resource: the server responded with a status of 400 () @ https://www.linkedin.com/signup/api/cors/createAccount?trk=coreg_joinWithGoogle-checkpoint_join-public_post_google-one-tap-submit&csrfToken=f97264f3-c23f-4a8e-81f5-fc403f95b95f:0
[ 1892262ms] [WARNING] [GSI_LOGGER]: Your client application may not display the Google One Tap in its default position. When FedCM becomes mandatory, One Tap only displays in the default position. Refer to the migration guide to update your code accordingly and opt-in to FedCM to test your changes. Learn more: https://developers.google.com/identity/gsi/web/guides/fedcm-migration?s=dc#layout @ https://static.licdn.com/aero-v1/sc/h/29rdkxlvag0d3cpj96fiilbju:168
[ 1892262ms] [WARNING] [GSI_LOGGER]: Your client application uses one of the Google One Tap prompt UI status methods that may stop functioning when FedCM becomes mandatory. Refer to the migration guide to update your code accordingly and opt-in to FedCM to test your changes. Learn more: https://developers.google.com/identity/gsi/web/guides/fedcm-migration?s=dc#display_moment and https://developers.google.com/identity/gsi/web/guides/fedcm-migration?s=dc#skipped_moment @ https://static.licdn.com/aero-v1/sc/h/29rdkxlvag0d3cpj96fiilbju:168
[ 1892953ms] [ERROR] Failed to load resource: net::ERR_NAME_NOT_RESOLVED @ https://ponf.linkedin.com/pixel/tracking.png?reqid=a0c767c5-2161-4ad1-ac81-36ec566417e0&pageInstance=urn%3Ali%3Apage%3Ad_homepage-guest-home_jsbeacon%3BvttYdQGaS%2F60dVRWzUaVWw%3D%3D&js=enabled:0
[ 1899776ms] [ERROR] Failed to load resource: the server responded with a status of 500 () @ https://www.linkedin.com/platform-telemetry/li/apfcDf:0
[ 1900707ms] [ERROR] Failed to load resource: the server responded with a status of 500 () @ https://www.linkedin.com/litms/api/metadata/user:0
[ 1900707ms] [ERROR] Unable to get user settings while calling loading container tag XMLHttpRequest @ https://static.licdn.com/aero-v1/sc/h/5nqyeanbh1glamxx7yixqn8ft:1
[ 1903581ms] [ERROR] Failed to load resource: the server responded with a status of 500 () @ chrome-error://chromewebdata/:0
[ 1906597ms] [ERROR] Failed to load resource: the server responded with a status of 404 () @ https://www.linkedin.com/uas/login-submit:0
[ 1914228ms] [ERROR] Failed to load resource: the server responded with a status of 500 () @ chrome-error://chromewebdata/:0
[ 1920490ms] [WARNING] Element with id: isMergeSignInSignUpV2Enabled not found @ https://static.licdn.com/aero-v1/sc/h/deetbbmf7x9v1b972xz1nzse0:1
[ 1920490ms] [WARNING] Element with id: mergeSignInSignUpLixValue not found @ https://static.licdn.com/aero-v1/sc/h/deetbbmf7x9v1b972xz1nzse0:1
[ 1920583ms] [WARNING] [GSI_LOGGER]: Your client application may not display the Google One Tap in its default position. When FedCM becomes mandatory, One Tap only displays in the default position. Refer to the migration guide to update your code accordingly and opt-in to FedCM to test your changes. Learn more: https://developers.google.com/identity/gsi/web/guides/fedcm-migration?s=dc#layout @ https://static.licdn.com/aero-v1/sc/h/29rdkxlvag0d3cpj96fiilbju:168
[ 1920583ms] [WARNING] [GSI_LOGGER]: Your client application uses one of the Google One Tap prompt UI status methods that may stop functioning when FedCM becomes mandatory. Refer to the migration guide to update your code accordingly and opt-in to FedCM to test your changes. Learn more: https://developers.google.com/identity/gsi/web/guides/fedcm-migration?s=dc#display_moment and https://developers.google.com/identity/gsi/web/guides/fedcm-migration?s=dc#skipped_moment @ https://static.licdn.com/aero-v1/sc/h/29rdkxlvag0d3cpj96fiilbju:168
[ 1920585ms] [WARNING] [GSI_LOGGER]: Currently, you disable FedCM on Google One Tap. FedCM for One Tap will become mandatory starting Oct 2024, and you won’t be able to disable it. Refer to the migration guide to update your code accordingly to ensure users will not be blocked from logging in. Learn more: https://developers.google.com/identity/gsi/web/guides/fedcm-migration @ https://static.licdn.com/aero-v1/sc/h/29rdkxlvag0d3cpj96fiilbju:168
[ 1929925ms] [ERROR] Failed to load resource: the server responded with a status of 500 () @ chrome-error://chromewebdata/:0
[ 1938013ms] [WARNING] [GSI_LOGGER]: Your client application may not display the Google One Tap in its default position. When FedCM becomes mandatory, One Tap only displays in the default position. Refer to the migration guide to update your code accordingly and opt-in to FedCM to test your changes. Learn more: https://developers.google.com/identity/gsi/web/guides/fedcm-migration?s=dc#layout @ https://static.licdn.com/aero-v1/sc/h/29rdkxlvag0d3cpj96fiilbju:168
[ 1938014ms] [WARNING] [GSI_LOGGER]: Your client application uses one of the Google One Tap prompt UI status methods that may stop functioning when FedCM becomes mandatory. Refer to the migration guide to update your code accordingly and opt-in to FedCM to test your changes. Learn more: https://developers.google.com/identity/gsi/web/guides/fedcm-migration?s=dc#display_moment and https://developers.google.com/identity/gsi/web/guides/fedcm-migration?s=dc#skipped_moment @ https://static.licdn.com/aero-v1/sc/h/29rdkxlvag0d3cpj96fiilbju:168
[ 1938014ms] [WARNING] [GSI_LOGGER]: Currently, you disable FedCM on Google One Tap. FedCM for One Tap will become mandatory starting Oct 2024, and you won’t be able to disable it. Refer to the migration guide to update your code accordingly to ensure users will not be blocked from logging in. Learn more: https://developers.google.com/identity/gsi/web/guides/fedcm-migration @ https://static.licdn.com/aero-v1/sc/h/29rdkxlvag0d3cpj96fiilbju:168
[ 1938470ms] [ERROR] Failed to load resource: net::ERR_NAME_NOT_RESOLVED @ https://ponf.linkedin.com/pixel/tracking.png?reqid=d8910e0a-4bff-4c3f-9497-3e95b17f05c5&pageInstance=urn%3Ali%3Apage%3Ad_homepage-guest-home_jsbeacon%3BFVOCk5XnR9S9oS5I1v78kQ%3D%3D&js=enabled:0
[ 1943122ms] [VERBOSE] [DOM] Password field is not contained in a form: (More info: https://goo.gl/9p2vKq) %o @ https://www.linkedin.com/login/:0
[ 1943122ms] [VERBOSE] [DOM] Password field is not contained in a form: (More info: https://goo.gl/9p2vKq) %o @ https://www.linkedin.com/login/:0
[ 1943287ms] [WARNING] [GSI_LOGGER]: Your client application may not display the Google One Tap in its default position. When FedCM becomes mandatory, One Tap only displays in the default position. Refer to the migration guide to update your code accordingly and opt-in to FedCM to test your changes. Learn more: https://developers.google.com/identity/gsi/web/guides/fedcm-migration?s=dc#layout @ https://static.licdn.com/aero-v1/sc/h/assets/C3oAS1wT.js:168
[ 1943287ms] [WARNING] [GSI_LOGGER]: Your client application uses one of the Google One Tap prompt UI status methods that may stop functioning when FedCM becomes mandatory. Refer to the migration guide to update your code accordingly and opt-in to FedCM to test your changes. Learn more: https://developers.google.com/identity/gsi/web/guides/fedcm-migration?s=dc#display_moment and https://developers.google.com/identity/gsi/web/guides/fedcm-migration?s=dc#skipped_moment @ https://static.licdn.com/aero-v1/sc/h/assets/C3oAS1wT.js:168
[ 1943288ms] [WARNING] [GSI_LOGGER]: Currently, you disable FedCM on Google One Tap. FedCM for One Tap will become mandatory starting Oct 2024, and you won’t be able to disable it. Refer to the migration guide to update your code accordingly to ensure users will not be blocked from logging in. Learn more: https://developers.google.com/identity/gsi/web/guides/fedcm-migration @ https://static.licdn.com/aero-v1/sc/h/assets/C3oAS1wT.js:168
[ 1943294ms] [WARNING] [GSI_LOGGER]: Currently, you disable FedCM on Google One Tap. FedCM for One Tap will become mandatory starting Oct 2024, and you won’t be able to disable it. Refer to the migration guide to update your code accordingly to ensure users will not be blocked from logging in. Learn more: https://developers.google.com/identity/gsi/web/guides/fedcm-migration @ https://static.licdn.com/aero-v1/sc/h/assets/C3oAS1wT.js:168
[ 1943311ms] [WARNING] [GSI_LOGGER]: Your client application may not display the Google One Tap in its default position. When FedCM becomes mandatory, One Tap only displays in the default position. Refer to the migration guide to update your code accordingly and opt-in to FedCM to test your changes. Learn more: https://developers.google.com/identity/gsi/web/guides/fedcm-migration?s=dc#layout @ https://static.licdn.com/aero-v1/sc/h/assets/C3oAS1wT.js:168
[ 1943312ms] [WARNING] [GSI_LOGGER]: Your client application uses one of the Google One Tap prompt UI status methods that may stop functioning when FedCM becomes mandatory. Refer to the migration guide to update your code accordingly and opt-in to FedCM to test your changes. Learn more: https://developers.google.com/identity/gsi/web/guides/fedcm-migration?s=dc#display_moment and https://developers.google.com/identity/gsi/web/guides/fedcm-migration?s=dc#skipped_moment @ https://static.licdn.com/aero-v1/sc/h/assets/C3oAS1wT.js:168
[ 1943312ms] [WARNING] [GSI_LOGGER]: Currently, you disable FedCM on Google One Tap. FedCM for One Tap will become mandatory starting Oct 2024, and you won’t be able to disable it. Refer to the migration guide to update your code accordingly to ensure users will not be blocked from logging in. Learn more: https://developers.google.com/identity/gsi/web/guides/fedcm-migration @ https://static.licdn.com/aero-v1/sc/h/assets/C3oAS1wT.js:168
[ 1947955ms] [WARNING] The resource https://static.licdn.com/aero-v1/sc/h/assets/CDvQY832.js was preloaded using link preload but not used within a few seconds from the window's load event. Please make sure it has an appropriate `as` value and it is preloaded intentionally. @ https://www.linkedin.com/login/:0
[ 1951327ms] [WARNING] The resource https://static.licdn.com/aero-v1/sc/h/assets/CDvQY832.js was preloaded using link preload but not used within a few seconds from the window's load event. Please make sure it has an appropriate `as` value and it is preloaded intentionally. @ https://www.linkedin.com/login/:0
[ 1956815ms] [WARNING] The resource https://static.licdn.com/aero-v1/sc/h/assets/CDvQY832.js was preloaded using link preload but not used within a few seconds from the window's load event. Please make sure it has an appropriate `as` value and it is preloaded intentionally. @ https://www.linkedin.com/login/:0
[ 1961346ms] [WARNING] The resource https://static.licdn.com/aero-v1/sc/h/assets/CDvQY832.js was preloaded using link preload but not used within a few seconds from the window's load event. Please make sure it has an appropriate `as` value and it is preloaded intentionally. @ https://www.linkedin.com/login/:0
[ 1963821ms] [ERROR] Framing 'https://accounts.google.com/' violates the following report-only Content Security Policy directive: "frame-ancestors 'self'". The violation has been logged, but no further action has been taken.
 @ :0
